// Jest Snapshot v1, https://goo.gl/fbAQLP

exports[`<ClubNoneExistPage /> shows the current count state. 1`] = `
Object {
  "asFragment": [Function],
  "baseElement": <body>
    <div>
      <div
        class="page light p-md page"
      >
        <div
          class="content"
        >
          <img
            class="image"
            src="mountain.png"
          />
          <span
            class="text"
          >
            킹덤에 가입하고 
            <br />
            나만의 킹덤을 꾸려보세요
          </span>
        </div>
        <div
          class="button"
        >
          <button
            class="button lg secondary"
          >
            가입 대기 목록
          </button>
          <button
            class="button lg primary"
          >
            모임 생성
          </button>
          <button
            class="button lg secondary"
          >
            모임 검색
          </button>
        </div>
      </div>
    </div>
  </body>,
  "container": <div>
    <div
      class="page light p-md page"
    >
      <div
        class="content"
      >
        <img
          class="image"
          src="mountain.png"
        />
        <span
          class="text"
        >
          킹덤에 가입하고 
          <br />
          나만의 킹덤을 꾸려보세요
        </span>
      </div>
      <div
        class="button"
      >
        <button
          class="button lg secondary"
        >
          가입 대기 목록
        </button>
        <button
          class="button lg primary"
        >
          모임 생성
        </button>
        <button
          class="button lg secondary"
        >
          모임 검색
        </button>
      </div>
    </div>
  </div>,
  "debug": [Function],
  "findAllByAltText": [Function],
  "findAllByDisplayValue": [Function],
  "findAllByLabelText": [Function],
  "findAllByPlaceholderText": [Function],
  "findAllByRole": [Function],
  "findAllByTestId": [Function],
  "findAllByText": [Function],
  "findAllByTitle": [Function],
  "findByAltText": [Function],
  "findByDisplayValue": [Function],
  "findByLabelText": [Function],
  "findByPlaceholderText": [Function],
  "findByRole": [Function],
  "findByTestId": [Function],
  "findByText": [Function],
  "findByTitle": [Function],
  "getAllByAltText": [Function],
  "getAllByDisplayValue": [Function],
  "getAllByLabelText": [Function],
  "getAllByPlaceholderText": [Function],
  "getAllByRole": [Function],
  "getAllByTestId": [Function],
  "getAllByText": [Function],
  "getAllByTitle": [Function],
  "getByAltText": [Function],
  "getByDisplayValue": [Function],
  "getByLabelText": [Function],
  "getByPlaceholderText": [Function],
  "getByRole": [Function],
  "getByTestId": [Function],
  "getByText": [Function],
  "getByTitle": [Function],
  "queryAllByAltText": [Function],
  "queryAllByDisplayValue": [Function],
  "queryAllByLabelText": [Function],
  "queryAllByPlaceholderText": [Function],
  "queryAllByRole": [Function],
  "queryAllByTestId": [Function],
  "queryAllByText": [Function],
  "queryAllByTitle": [Function],
  "queryByAltText": [Function],
  "queryByDisplayValue": [Function],
  "queryByLabelText": [Function],
  "queryByPlaceholderText": [Function],
  "queryByRole": [Function],
  "queryByTestId": [Function],
  "queryByText": [Function],
  "queryByTitle": [Function],
  "rerender": [Function],
  "unmount": [Function],
}
`;
